H10 Stage A (calibration); design experiments/h10/h10_design_v2.md sha256 e55cb36747339b5141dbcda62f96a87706eaefaa3b3a5ab1d452d72b1d96478a
src/h10.py sha256 ba959f17c2a483659689dbcfb4e80ba141fdc1ffeb997906b0d0e96178b13697
src/ph7.py sha256 636a5b3a928e161a6a77de60010e6a10ad2fced28f7ed4c8927630086d6e2742  src/ph2.py sha256 9e0ef833d3f5957da341cfeb9edd77fe9adb11de5354c71162c7569e83e30a4a
python 3.13.12  numpy 2.4.6  platform Windows-10-10.0.19045-SP0
seeds {"hard_0p25": 45101, "hard_0p5": 45102, "hard_1": 45103, "hard_2": 45104, "hard_4": 45105, "easy": 45106, "revision": 45107, "distractor": 45108, "idle": 45109, "ambiguous": 45110, "bootstrap": 45111}
historical reproduction (section 8.1, re-run now): True

== calibration: arms 1 and 2, raw counts (correct / wrong / abstain) ==
  hard_0p25  bistable  step 600: 238 /   1 / 161   multi-active 0
  hard_0p25  graded    step 600: 295 / 105 /   0   multi-active 0
  hard_0p5   bistable  step 600: 271 /   6 / 123   multi-active 0
  hard_0p5   graded    step 600: 336 /  64 /   0   multi-active 0
  hard_1     bistable  step 600: 258 /   7 / 135   multi-active 0
  hard_1     graded    step 600: 329 /  71 /   0   multi-active 0
  hard_2     bistable  step 600: 253 /   7 / 140   multi-active 0
  hard_2     graded    step 600: 331 /  69 /   0   multi-active 0
  hard_4     bistable  step 600: 260 /   2 / 138   multi-active 0
  hard_4     graded    step 600: 325 /  75 /   0   multi-active 0
  ambiguous  bistable  step 600:  11 /  48 / 341   multi-active 0
  ambiguous  graded    step 600:  84 / 316 /   0   multi-active 0
  ambiguous bistable           identities at 600: 0:8 1:14 2:11 3:15 4:11  abstain 341
  ambiguous graded             identities at 600: 0:91 1:84 2:71 3:78 4:76  abstain 0
  ambiguous h10_tau40_th0.004  identities at 600: 0:46 1:43 2:43 3:42 4:38  abstain 188
  ambiguous h10_tau40_th0.008  identities at 600: 0:20 1:13 2:15 3:20 4:16  abstain 316
  ambiguous h10_tau40_th0.016  identities at 600: 0:3 1:1 2:1 3:1 4:1  abstain 393
  ambiguous h10_tau80_th0.004  identities at 600: 0:33 1:25 2:19 3:27 4:23  abstain 273
  ambiguous h10_tau80_th0.008  identities at 600: 0:7 1:4 2:3 3:1 4:4  abstain 381
  ambiguous h10_tau80_th0.016  identities at 600: 0:0 1:0 2:0 3:0 4:0  abstain 400
  ambiguous h10_tau160_th0.004 identities at 600: 0:28 1:16 2:10 3:10 4:12  abstain 324
  ambiguous h10_tau160_th0.008 identities at 600: 0:0 1:3 2:1 3:0 4:1  abstain 395
  ambiguous h10_tau160_th0.016 identities at 600: 0:0 1:0 2:0 3:0 4:0  abstain 400

== calibration: implementation ==
  open_equals_graded_state_bitwise     True
  open_equals_graded_output            True
  closed_always_abstains               True
  no_reset_input                       True
  label_permutation_equivariance       False
  finite_states                        True
  complete_rows                        True
  all                                  False
  perm hard_0p25  ok True  max state deviation bistable 3.07e-13, graded 1.29e-13, cand 1.29e-13  plain==main True
  perm hard_0p5   ok True  max state deviation bistable 8.93e-14, graded 2.28e-13, cand 2.28e-13  plain==main True
  perm hard_1     ok True  max state deviation bistable 6.26e-14, graded 6.53e-14, cand 6.53e-14  plain==main True
  perm hard_2     ok True  max state deviation bistable 1.88e-13, graded 2.09e-14, cand 2.09e-14  plain==main True
  perm hard_4     ok True  max state deviation bistable 2.64e-14, graded 2.82e-13, cand 2.82e-13  plain==main True
  perm easy       ok True  max state deviation bistable 3.11e-15, graded 2.22e-15, cand 2.22e-15  plain==main True
  perm revision   ok True  max state deviation bistable 4.88e-15, graded 1.55e-15, cand 1.55e-15  plain==main True
  perm distractor ok True  max state deviation bistable 4.44e-15, graded 3.11e-15, cand 3.11e-15  plain==main True
  perm idle       ok True  max state deviation bistable 1.73e-18, graded 1.73e-18, cand 1.73e-18  plain==main True
  perm ambiguous  ok False  max state deviation bistable 1.33e-13, graded 1.06e-12, cand 1.06e-12  plain==main True

== calibration: registered criteria (all rows; Wilson 95%; paired bootstrap 5000) ==
  h10_tau40_th0.004
    acquisition  400/400 [0.9905, 1.0000] lower >= 0.90: PASS
    retention    400/400 [0.9905, 1.0000] lower >= 0.90: PASS
    revision     400/400 [0.9905, 1.0000] lower >= 0.85: PASS
    distractor   400/400 [0.9905, 1.0000] lower >= 0.90: PASS
    idle         400/400 [0.9905, 1.0000] lower >= 0.98: PASS
    hard x0 0.25 c/w/a 167/ 55/178  wrong [0.1072, 0.1747] upper <= 0.04: FAIL  | vs bistable (238) -0.1775 [-0.2400, -0.1150] lower >= -0.05: FAIL  | at 300 156/53/191
    hard x0 0.5  c/w/a 178/ 34/188  wrong [0.0615, 0.1164] upper <= 0.04: FAIL  | vs bistable (271) -0.2325 [-0.2925, -0.1750] lower >= -0.05: FAIL  | at 300 169/30/201
    hard x0 1.0  c/w/a 182/ 42/176  wrong [0.0786, 0.1389] upper <= 0.04: FAIL  | vs bistable (258) -0.1900 [-0.2500, -0.1275] lower >= -0.05: FAIL  | at 300 170/35/195
    hard x0 2.0  c/w/a 198/ 32/170  wrong [0.0572, 0.1108] upper <= 0.04: FAIL  | vs bistable (253) -0.1375 [-0.2000, -0.0750] lower >= -0.05: FAIL  | at 300 166/26/208
    hard x0 4.0  c/w/a 201/ 51/148  wrong [0.0983, 0.1638] upper <= 0.04: FAIL  | vs bistable (260) -0.1475 [-0.2100, -0.0875] lower >= -0.05: FAIL  | at 300 163/30/207
    added value (arm 2 wrong - this wrong, x0 1) +0.0725 [0.0475, 0.1000] lower >= +0.05: FAIL
    -> every scientific criterion: not all pass
  h10_tau40_th0.008
    acquisition  400/400 [0.9905, 1.0000] lower >= 0.90: PASS
    retention    400/400 [0.9905, 1.0000] lower >= 0.90: PASS
    revision     400/400 [0.9905, 1.0000] lower >= 0.85: PASS
    distractor   400/400 [0.9905, 1.0000] lower >= 0.90: PASS
    idle         400/400 [0.9905, 1.0000] lower >= 0.98: PASS
    hard x0 0.25 c/w/a  90/ 24/286  wrong [0.0406, 0.0877] upper <= 0.04: FAIL  | vs bistable (238) -0.3700 [-0.4300, -0.3100] lower >= -0.05: FAIL  | at 300 80/23/297
    hard x0 0.5  c/w/a  88/ 15/297  wrong [0.0229, 0.0609] upper <= 0.04: FAIL  | vs bistable (271) -0.4575 [-0.5125, -0.4000] lower >= -0.05: FAIL  | at 300 73/15/312
    hard x0 1.0  c/w/a  91/ 24/285  wrong [0.0406, 0.0877] upper <= 0.04: FAIL  | vs bistable (258) -0.4175 [-0.4725, -0.3600] lower >= -0.05: FAIL  | at 300 71/15/314
    hard x0 2.0  c/w/a 113/ 15/272  wrong [0.0229, 0.0609] upper <= 0.04: FAIL  | vs bistable (253) -0.3500 [-0.4125, -0.2875] lower >= -0.05: FAIL  | at 300 80/12/308
    hard x0 4.0  c/w/a  98/ 27/275  wrong [0.0468, 0.0964] upper <= 0.04: FAIL  | vs bistable (260) -0.4050 [-0.4600, -0.3500] lower >= -0.05: FAIL  | at 300 70/16/314
    added value (arm 2 wrong - this wrong, x0 1) +0.1175 [0.0875, 0.1500] lower >= +0.05: PASS
    -> every scientific criterion: not all pass
  h10_tau40_th0.016
    acquisition  400/400 [0.9905, 1.0000] lower >= 0.90: PASS
    retention    400/400 [0.9905, 1.0000] lower >= 0.90: PASS
    revision     400/400 [0.9905, 1.0000] lower >= 0.85: PASS
    distractor   400/400 [0.9905, 1.0000] lower >= 0.90: PASS
    idle         400/400 [0.9905, 1.0000] lower >= 0.98: PASS
    hard x0 0.25 c/w/a  11/  1/388  wrong [0.0004, 0.0140] upper <= 0.04: PASS  | vs bistable (238) -0.5675 [-0.6150, -0.5200] lower >= -0.05: FAIL  | at 300 5/1/394
    hard x0 0.5  c/w/a  18/  3/379  wrong [0.0026, 0.0218] upper <= 0.04: PASS  | vs bistable (271) -0.6325 [-0.6825, -0.5850] lower >= -0.05: FAIL  | at 300 6/3/391
    hard x0 1.0  c/w/a  19/  7/374  wrong [0.0085, 0.0357] upper <= 0.04: PASS  | vs bistable (258) -0.5975 [-0.6475, -0.5475] lower >= -0.05: FAIL  | at 300 5/1/394
    hard x0 2.0  c/w/a  28/  1/371  wrong [0.0004, 0.0140] upper <= 0.04: PASS  | vs bistable (253) -0.5625 [-0.6150, -0.5100] lower >= -0.05: FAIL  | at 300 3/1/396
    hard x0 4.0  c/w/a  21/  6/373  wrong [0.0069, 0.0323] upper <= 0.04: PASS  | vs bistable (260) -0.5975 [-0.6450, -0.5500] lower >= -0.05: FAIL  | at 300 3/4/393
    added value (arm 2 wrong - this wrong, x0 1) +0.1600 [0.1250, 0.1975] lower >= +0.05: PASS
    -> every scientific criterion: not all pass
  h10_tau80_th0.004
    acquisition  400/400 [0.9905, 1.0000] lower >= 0.90: PASS
    retention    400/400 [0.9905, 1.0000] lower >= 0.90: PASS
    revision     400/400 [0.9905, 1.0000] lower >= 0.85: PASS
    distractor   400/400 [0.9905, 1.0000] lower >= 0.90: PASS
    idle         400/400 [0.9905, 1.0000] lower >= 0.98: PASS
    hard x0 0.25 c/w/a 169/ 54/177  wrong [0.1050, 0.1720] upper <= 0.04: FAIL  | vs bistable (238) -0.1725 [-0.2300, -0.1150] lower >= -0.05: FAIL  | at 300 180/49/171
    hard x0 0.5  c/w/a 187/ 27/186  wrong [0.0468, 0.0964] upper <= 0.04: FAIL  | vs bistable (271) -0.2100 [-0.2650, -0.1525] lower >= -0.05: FAIL  | at 300 195/31/174
    hard x0 1.0  c/w/a 172/ 35/193  wrong [0.0636, 0.1193] upper <= 0.04: FAIL  | vs bistable (258) -0.2150 [-0.2725, -0.1550] lower >= -0.05: FAIL  | at 300 181/32/187
    hard x0 2.0  c/w/a 198/ 32/170  wrong [0.0572, 0.1108] upper <= 0.04: FAIL  | vs bistable (253) -0.1375 [-0.1950, -0.0825] lower >= -0.05: FAIL  | at 300 183/23/194
    hard x0 4.0  c/w/a 165/ 42/193  wrong [0.0786, 0.1389] upper <= 0.04: FAIL  | vs bistable (260) -0.2375 [-0.2926, -0.1800] lower >= -0.05: FAIL  | at 300 178/32/190
    added value (arm 2 wrong - this wrong, x0 1) +0.0900 [0.0625, 0.1200] lower >= +0.05: PASS
    -> every scientific criterion: not all pass
  h10_tau80_th0.008
    acquisition  400/400 [0.9905, 1.0000] lower >= 0.90: PASS
    retention    400/400 [0.9905, 1.0000] lower >= 0.90: PASS
    revision     400/400 [0.9905, 1.0000] lower >= 0.85: PASS
    distractor   400/400 [0.9905, 1.0000] lower >= 0.90: PASS
    idle         400/400 [0.9905, 1.0000] lower >= 0.98: PASS
    hard x0 0.25 c/w/a  70/ 17/313  wrong [0.0267, 0.0670] upper <= 0.04: FAIL  | vs bistable (238) -0.4200 [-0.4750, -0.3650] lower >= -0.05: FAIL  | at 300 70/21/309
    hard x0 0.5  c/w/a  86/  8/306  wrong [0.0102, 0.0390] upper <= 0.04: PASS  | vs bistable (271) -0.4625 [-0.5150, -0.4075] lower >= -0.05: FAIL  | at 300 77/11/312
    hard x0 1.0  c/w/a  82/ 15/303  wrong [0.0229, 0.0609] upper <= 0.04: FAIL  | vs bistable (258) -0.4400 [-0.4925, -0.3850] lower >= -0.05: FAIL  | at 300 78/12/310
    hard x0 2.0  c/w/a  88/  8/304  wrong [0.0102, 0.0390] upper <= 0.04: PASS  | vs bistable (253) -0.4125 [-0.4700, -0.3575] lower >= -0.05: FAIL  | at 300 72/10/318
    hard x0 4.0  c/w/a  76/ 14/310  wrong [0.0210, 0.0579] upper <= 0.04: FAIL  | vs bistable (260) -0.4600 [-0.5125, -0.4100] lower >= -0.05: FAIL  | at 300 71/13/316
    added value (arm 2 wrong - this wrong, x0 1) +0.1400 [0.1075, 0.1750] lower >= +0.05: PASS
    -> every scientific criterion: not all pass
  h10_tau80_th0.016
    acquisition  400/400 [0.9905, 1.0000] lower >= 0.90: PASS
    retention    400/400 [0.9905, 1.0000] lower >= 0.90: PASS
    revision     400/400 [0.9905, 1.0000] lower >= 0.85: PASS
    distractor   400/400 [0.9905, 1.0000] lower >= 0.90: PASS
    idle         400/400 [0.9905, 1.0000] lower >= 0.98: PASS
    hard x0 0.25 c/w/a   1/  0/399  wrong [0.0000, 0.0095] upper <= 0.04: PASS  | vs bistable (238) -0.5925 [-0.6400, -0.5450] lower >= -0.05: FAIL  | at 300 1/0/399
    hard x0 0.5  c/w/a   3/  3/394  wrong [0.0026, 0.0218] upper <= 0.04: PASS  | vs bistable (271) -0.6700 [-0.7150, -0.6225] lower >= -0.05: FAIL  | at 300 2/1/397
    hard x0 1.0  c/w/a   7/  3/390  wrong [0.0026, 0.0218] upper <= 0.04: PASS  | vs bistable (258) -0.6275 [-0.6750, -0.5800] lower >= -0.05: FAIL  | at 300 0/0/400
    hard x0 2.0  c/w/a  10/  0/390  wrong [0.0000, 0.0095] upper <= 0.04: PASS  | vs bistable (253) -0.6075 [-0.6550, -0.5575] lower >= -0.05: FAIL  | at 300 0/0/400
    hard x0 4.0  c/w/a   5/  2/393  wrong [0.0014, 0.0180] upper <= 0.04: PASS  | vs bistable (260) -0.6375 [-0.6825, -0.5900] lower >= -0.05: FAIL  | at 300 0/1/399
    added value (arm 2 wrong - this wrong, x0 1) +0.1700 [0.1350, 0.2075] lower >= +0.05: PASS
    -> every scientific criterion: not all pass
  h10_tau160_th0.004
    acquisition  400/400 [0.9905, 1.0000] lower >= 0.90: PASS
    retention    400/400 [0.9905, 1.0000] lower >= 0.90: PASS
    revision     400/400 [0.9905, 1.0000] lower >= 0.85: PASS
    distractor   400/400 [0.9905, 1.0000] lower >= 0.90: PASS
    idle         400/400 [0.9905, 1.0000] lower >= 0.98: PASS
    hard x0 0.25 c/w/a 187/ 51/162  wrong [0.0983, 0.1638] upper <= 0.04: FAIL  | vs bistable (238) -0.1275 [-0.1800, -0.0750] lower >= -0.05: FAIL  | at 300 201/53/146
    hard x0 0.5  c/w/a 217/ 23/160  wrong [0.0386, 0.0848] upper <= 0.04: FAIL  | vs bistable (271) -0.1350 [-0.1875, -0.0825] lower >= -0.05: FAIL  | at 300 221/20/159
    hard x0 1.0  c/w/a 197/ 28/175  wrong [0.0489, 0.0993] upper <= 0.04: FAIL  | vs bistable (258) -0.1525 [-0.2050, -0.1000] lower >= -0.05: FAIL  | at 300 216/24/160
    hard x0 2.0  c/w/a 205/ 26/169  wrong [0.0447, 0.0935] upper <= 0.04: FAIL  | vs bistable (253) -0.1200 [-0.1700, -0.0725] lower >= -0.05: FAIL  | at 300 217/25/158
    hard x0 4.0  c/w/a 171/ 31/198  wrong [0.0551, 0.1079] upper <= 0.04: FAIL  | vs bistable (260) -0.2225 [-0.2750, -0.1700] lower >= -0.05: FAIL  | at 300 196/31/173
    added value (arm 2 wrong - this wrong, x0 1) +0.1075 [0.0800, 0.1375] lower >= +0.05: PASS
    -> every scientific criterion: not all pass
  h10_tau160_th0.008
    acquisition  400/400 [0.9905, 1.0000] lower >= 0.90: PASS
    retention    400/400 [0.9905, 1.0000] lower >= 0.90: PASS
    revision     400/400 [0.9905, 1.0000] lower >= 0.85: PASS
    distractor   400/400 [0.9905, 1.0000] lower >= 0.90: PASS
    idle         400/400 [0.9905, 1.0000] lower >= 0.98: PASS
    hard x0 0.25 c/w/a  80/ 17/303  wrong [0.0267, 0.0670] upper <= 0.04: FAIL  | vs bistable (238) -0.3950 [-0.4450, -0.3450] lower >= -0.05: FAIL  | at 300 77/15/308
    hard x0 0.5  c/w/a  95/  7/298  wrong [0.0085, 0.0357] upper <= 0.04: PASS  | vs bistable (271) -0.4400 [-0.4900, -0.3900] lower >= -0.05: FAIL  | at 300 82/11/307
    hard x0 1.0  c/w/a  87/  8/305  wrong [0.0102, 0.0390] upper <= 0.04: PASS  | vs bistable (258) -0.4275 [-0.4775, -0.3775] lower >= -0.05: FAIL  | at 300 78/6/316
    hard x0 2.0  c/w/a  88/  6/306  wrong [0.0069, 0.0323] upper <= 0.04: PASS  | vs bistable (253) -0.4125 [-0.4650, -0.3625] lower >= -0.05: FAIL  | at 300 79/6/315
    hard x0 4.0  c/w/a  76/ 13/311  wrong [0.0191, 0.0548] upper <= 0.04: FAIL  | vs bistable (260) -0.4600 [-0.5100, -0.4100] lower >= -0.05: FAIL  | at 300 65/10/325
    added value (arm 2 wrong - this wrong, x0 1) +0.1575 [0.1225, 0.1950] lower >= +0.05: PASS
    -> every scientific criterion: not all pass
  h10_tau160_th0.016
    acquisition  400/400 [0.9905, 1.0000] lower >= 0.90: PASS
    retention    400/400 [0.9905, 1.0000] lower >= 0.90: PASS
    revision     400/400 [0.9905, 1.0000] lower >= 0.85: PASS
    distractor   400/400 [0.9905, 1.0000] lower >= 0.90: PASS
    idle         400/400 [0.9905, 1.0000] lower >= 0.98: PASS
    hard x0 0.25 c/w/a   1/  0/399  wrong [0.0000, 0.0095] upper <= 0.04: PASS  | vs bistable (238) -0.5925 [-0.6400, -0.5450] lower >= -0.05: FAIL  | at 300 1/0/399
    hard x0 0.5  c/w/a   0/  0/400  wrong [0.0000, 0.0095] upper <= 0.04: PASS  | vs bistable (271) -0.6775 [-0.7225, -0.6300] lower >= -0.05: FAIL  | at 300 0/0/400
    hard x0 1.0  c/w/a   2/  0/398  wrong [0.0000, 0.0095] upper <= 0.04: PASS  | vs bistable (258) -0.6400 [-0.6850, -0.5925] lower >= -0.05: FAIL  | at 300 0/0/400
    hard x0 2.0  c/w/a   2/  0/398  wrong [0.0000, 0.0095] upper <= 0.04: PASS  | vs bistable (253) -0.6275 [-0.6750, -0.5775] lower >= -0.05: FAIL  | at 300 0/0/400
    hard x0 4.0  c/w/a   0/  0/400  wrong [0.0000, 0.0095] upper <= 0.04: PASS  | vs bistable (260) -0.6500 [-0.6975, -0.6025] lower >= -0.05: FAIL  | at 300 0/0/400
    added value (arm 2 wrong - this wrong, x0 1) +0.1775 [0.1425, 0.2175] lower >= +0.05: PASS
    -> every scientific criterion: not all pass
  mask_0.02
    acquisition  400/400 [0.9905, 1.0000] lower >= 0.90: PASS
    retention    400/400 [0.9905, 1.0000] lower >= 0.90: PASS
    revision     400/400 [0.9905, 1.0000] lower >= 0.85: PASS
    distractor   400/400 [0.9905, 1.0000] lower >= 0.90: PASS
    idle         400/400 [0.9905, 1.0000] lower >= 0.98: PASS
    hard x0 0.25 c/w/a 295/105/  0  wrong [0.2218, 0.3077] upper <= 0.04: FAIL  | vs bistable (238) +0.1425 [0.0900, 0.1975] lower >= -0.05: PASS  | at 300 289/101/10
    hard x0 0.5  c/w/a 336/ 64/  0  wrong [0.1273, 0.1991] upper <= 0.04: FAIL  | vs bistable (271) +0.1625 [0.1150, 0.2100] lower >= -0.05: PASS  | at 300 333/59/8
    hard x0 1.0  c/w/a 329/ 71/  0  wrong [0.1432, 0.2180] upper <= 0.04: FAIL  | vs bistable (258) +0.1775 [0.1325, 0.2225] lower >= -0.05: PASS  | at 300 322/65/13
    hard x0 2.0  c/w/a 331/ 69/  0  wrong [0.1386, 0.2126] upper <= 0.04: FAIL  | vs bistable (253) +0.1950 [0.1475, 0.2400] lower >= -0.05: PASS  | at 300 324/59/17
    hard x0 4.0  c/w/a 325/ 75/  0  wrong [0.1523, 0.2287] upper <= 0.04: FAIL  | vs bistable (260) +0.1625 [0.1175, 0.2100] lower >= -0.05: PASS  | at 300 316/66/18
    added value (arm 2 wrong - this wrong, x0 1) +0.0000 [0.0000, 0.0000] lower >= +0.05: FAIL
    -> every scientific criterion: not all pass
  mask_0.05
    acquisition  400/400 [0.9905, 1.0000] lower >= 0.90: PASS
    retention    400/400 [0.9905, 1.0000] lower >= 0.90: PASS
    revision     400/400 [0.9905, 1.0000] lower >= 0.85: PASS
    distractor   400/400 [0.9905, 1.0000] lower >= 0.90: PASS
    idle         400/400 [0.9905, 1.0000] lower >= 0.98: PASS
    hard x0 0.25 c/w/a 295/105/  0  wrong [0.2218, 0.3077] upper <= 0.04: FAIL  | vs bistable (238) +0.1425 [0.0900, 0.1975] lower >= -0.05: PASS  | at 300 288/100/12
    hard x0 0.5  c/w/a 336/ 64/  0  wrong [0.1273, 0.1991] upper <= 0.04: FAIL  | vs bistable (271) +0.1625 [0.1150, 0.2100] lower >= -0.05: PASS  | at 300 330/58/12
    hard x0 1.0  c/w/a 329/ 71/  0  wrong [0.1432, 0.2180] upper <= 0.04: FAIL  | vs bistable (258) +0.1775 [0.1325, 0.2225] lower >= -0.05: PASS  | at 300 319/65/16
    hard x0 2.0  c/w/a 331/ 69/  0  wrong [0.1386, 0.2126] upper <= 0.04: FAIL  | vs bistable (253) +0.1950 [0.1475, 0.2400] lower >= -0.05: PASS  | at 300 324/58/18
    hard x0 4.0  c/w/a 325/ 75/  0  wrong [0.1523, 0.2287] upper <= 0.04: FAIL  | vs bistable (260) +0.1625 [0.1175, 0.2100] lower >= -0.05: PASS  | at 300 313/62/25
    added value (arm 2 wrong - this wrong, x0 1) +0.0000 [0.0000, 0.0000] lower >= +0.05: FAIL
    -> every scientific criterion: not all pass
  mask_0.1
    acquisition  400/400 [0.9905, 1.0000] lower >= 0.90: PASS
    retention    400/400 [0.9905, 1.0000] lower >= 0.90: PASS
    revision     400/400 [0.9905, 1.0000] lower >= 0.85: PASS
    distractor   400/400 [0.9905, 1.0000] lower >= 0.90: PASS
    idle         400/400 [0.9905, 1.0000] lower >= 0.98: PASS
    hard x0 0.25 c/w/a 295/105/  0  wrong [0.2218, 0.3077] upper <= 0.04: FAIL  | vs bistable (238) +0.1425 [0.0900, 0.1975] lower >= -0.05: PASS  | at 300 286/98/16
    hard x0 0.5  c/w/a 336/ 64/  0  wrong [0.1273, 0.1991] upper <= 0.04: FAIL  | vs bistable (271) +0.1625 [0.1150, 0.2100] lower >= -0.05: PASS  | at 300 325/57/18
    hard x0 1.0  c/w/a 329/ 71/  0  wrong [0.1432, 0.2180] upper <= 0.04: FAIL  | vs bistable (258) +0.1775 [0.1325, 0.2225] lower >= -0.05: PASS  | at 300 311/63/26
    hard x0 2.0  c/w/a 331/ 69/  0  wrong [0.1386, 0.2126] upper <= 0.04: FAIL  | vs bistable (253) +0.1950 [0.1475, 0.2400] lower >= -0.05: PASS  | at 300 315/57/28
    hard x0 4.0  c/w/a 325/ 75/  0  wrong [0.1523, 0.2287] upper <= 0.04: FAIL  | vs bistable (260) +0.1625 [0.1175, 0.2100] lower >= -0.05: PASS  | at 300 307/56/37
    added value (arm 2 wrong - this wrong, x0 1) +0.0000 [0.0000, 0.0000] lower >= +0.05: FAIL
    -> every scientific criterion: not all pass

== calibration: Phase 7.1's six readings, as defined there (reported, not gating) ==
  bistable             D1 c/w/a 258/7/135  D2 400/400  D3 0/400  D4 400/400  D6 400  D5 [1, 6, 7, 7, 2]
  graded               D1 c/w/a 329/71/0  D2 400/400  D3 400/400  D4 400/400  D6 400  D5 [105, 64, 71, 69, 75]
  h10_tau40_th0.004    D1 c/w/a 182/42/176  D2 400/400  D3 400/400  D4 400/400  D6 400  D5 [55, 34, 42, 32, 51]
  h10_tau40_th0.008    D1 c/w/a 91/24/285  D2 400/400  D3 400/400  D4 400/400  D6 400  D5 [24, 15, 24, 15, 27]
  h10_tau40_th0.016    D1 c/w/a 19/7/374  D2 400/400  D3 400/400  D4 400/400  D6 400  D5 [1, 3, 7, 1, 6]
  h10_tau80_th0.004    D1 c/w/a 172/35/193  D2 400/400  D3 400/400  D4 400/400  D6 400  D5 [54, 27, 35, 32, 42]
  h10_tau80_th0.008    D1 c/w/a 82/15/303  D2 400/400  D3 400/400  D4 400/400  D6 400  D5 [17, 8, 15, 8, 14]
  h10_tau80_th0.016    D1 c/w/a 7/3/390  D2 400/400  D3 400/400  D4 400/400  D6 400  D5 [0, 3, 3, 0, 2]
  h10_tau160_th0.004   D1 c/w/a 197/28/175  D2 400/400  D3 400/400  D4 400/400  D6 400  D5 [51, 23, 28, 26, 31]
  h10_tau160_th0.008   D1 c/w/a 87/8/305  D2 400/400  D3 400/400  D4 400/400  D6 400  D5 [17, 7, 8, 6, 13]
  h10_tau160_th0.016   D1 c/w/a 2/0/398  D2 400/400  D3 400/400  D4 400/400  D6 400  D5 [0, 0, 0, 0, 0]
  mask_0.02            D1 c/w/a 329/71/0  D2 400/400  D3 400/400  D4 400/400  D6 400  D5 [105, 64, 71, 69, 75]
  mask_0.05            D1 c/w/a 329/71/0  D2 400/400  D3 400/400  D4 400/400  D6 400  D5 [105, 64, 71, 69, 75]
  mask_0.1             D1 c/w/a 329/71/0  D2 400/400  D3 400/400  D4 400/400  D6 400  D5 [105, 64, 71, 69, 75]

== calibration: logged events (sums over rows) ==
  hard_0p25  raw graded changes 1886; e-leader vs raw disagreement rows tau 40 396, tau 80 363, tau 160 320
  hard_0p5   raw graded changes 1855; e-leader vs raw disagreement rows tau 40 397, tau 80 348, tau 160 283
  hard_1     raw graded changes 2021; e-leader vs raw disagreement rows tau 40 396, tau 80 361, tau 160 304
  hard_2     raw graded changes 2203; e-leader vs raw disagreement rows tau 40 398, tau 80 365, tau 160 302
  hard_4     raw graded changes 2153; e-leader vs raw disagreement rows tau 40 392, tau 80 358, tau 160 293
  easy       raw graded changes 400; e-leader vs raw disagreement rows tau 40 0, tau 80 0, tau 160 0
  revision   raw graded changes 1200; e-leader vs raw disagreement rows tau 40 400, tau 80 400, tau 160 400; A->B direct / via abstention: graded 0/400, tau40_th0.004 0/400, tau40_th0.008 0/400, tau40_th0.016 0/400, tau80_th0.004 0/400, tau80_th0.008 0/400, tau80_th0.016 0/400, tau160_th0.004 0/400, tau160_th0.008 0/400, tau160_th0.016 0/400
  distractor raw graded changes 1200; e-leader vs raw disagreement rows tau 40 400, tau 80 400, tau 160 400; A->B direct / via abstention: graded 0/0, tau40_th0.004 0/0, tau40_th0.008 0/0, tau40_th0.016 0/0, tau80_th0.004 0/0, tau80_th0.008 0/0, tau80_th0.016 0/0, tau160_th0.004 0/0, tau160_th0.008 0/0, tau160_th0.016 0/0
  idle       raw graded changes 0; e-leader vs raw disagreement rows tau 40 0, tau 80 0, tau 160 0
  ambiguous  raw graded changes 2808; e-leader vs raw disagreement rows tau 40 398, tau 80 391, tau 160 378
  revision time to B (graded): revised 400/400, steps after challenge onset median 42.0, censored 0
  revision time to B (h10_tau40_th0.004): revised 400/400, steps after challenge onset median 42.0, censored 0
  revision time to B (h10_tau40_th0.008): revised 400/400, steps after challenge onset median 42.0, censored 0
  revision time to B (h10_tau40_th0.016): revised 400/400, steps after challenge onset median 42.0, censored 0
  revision time to B (h10_tau80_th0.004): revised 400/400, steps after challenge onset median 42.0, censored 0
  revision time to B (h10_tau80_th0.008): revised 400/400, steps after challenge onset median 42.0, censored 0
  revision time to B (h10_tau80_th0.016): revised 400/400, steps after challenge onset median 42.0, censored 0
  revision time to B (h10_tau160_th0.004): revised 400/400, steps after challenge onset median 42.0, censored 0
  revision time to B (h10_tau160_th0.008): revised 400/400, steps after challenge onset median 42.0, censored 0
  revision time to B (h10_tau160_th0.016): revised 400/400, steps after challenge onset median 42.0, censored 0

== calibration: verdict ==
  implementation (every check): FAIL
  first H10 setting passing every criterion (tau_e ascending, then theta): None
  first arm-6 theta_m passing every criterion: None
  STOP: an implementation check failed; repair, disclose and rehash before any other seed is used
